Name: 五星体育, URL: http://[2409:8087:1e03:21::42]:6610/cms001/ch00000090990000001018/index.m3u8, From: subscribe, IPv_Type: ipv6, Location: 中国, ISP: 中国移动, Date: None, Delay: 0.1 ms, Speed: inf M/s, Resolution: 1920x1080
Name: 五星体育, URL: https://stream1.freetv.fun/ipv6-wu-xing-ti-yu-7.m3u8, From: subscribe, IPv_Type: ipv6, Location: 美国, ISP: CloudFlare Inc., Date: None, Delay: 0.1 ms, Speed: inf M/s, Resolution: 1920x1080
Name: 五星体育, URL: https://stream1.freetv.fun/wu-xing-ti-yu-15.m3u8, From: subscribe, IPv_Type: ipv6, Location: 美国, ISP: CloudFlare Inc., Date: None, Delay: 0.1 ms, Speed: inf M/s, Resolution: 1920x1080
Name: 五星体育, URL: https://stream1.freetv.fun/wu-xing-ti-yu-3.m3u8, From: subscribe, IPv_Type: ipv6, Location: 美国, ISP: CloudFlare Inc., Date: None, Delay: 0.1 ms, Speed: inf M/s, Resolution: 1920x1080
Name: 五星体育, URL: https://stream1.freetv.fun/wu-xing-ti-yu-7.m3u8, From: subscribe, IPv_Type: ipv6, Location: 美国, ISP: CloudFlare Inc., Date: None, Delay: 0.1 ms, Speed: inf M/s, Resolution: 1920x1080
Name: 五星体育, URL: https://stream1.freetv.fun/wu-xing-ti-yu-2.m3u8, From: subscribe, IPv_Type: ipv6, Location: 美国, ISP: CloudFlare Inc., Date: None, Delay: 0.1 ms, Speed: inf M/s, Resolution: 1920x1080
Name: 五星体育, URL: https://stream1.freetv.fun/wu-xing-ti-yu-10.m3u8, From: subscribe, IPv_Type: ipv6, Location: 美国, ISP: CloudFlare Inc., Date: None, Delay: 0.1 ms, Speed: inf M/s, Resolution: 1920x1080
Name: 五星体育, URL: https://stream1.freetv.fun/ipv6-wu-xing-ti-yu-2.m3u8, From: subscribe, IPv_Type: ipv6, Location: 美国, ISP: CloudFlare Inc., Date: None, Delay: 0.1 ms, Speed: inf M/s, Resolution: 1920x1080
Name: 五星体育, URL: https://stream1.freetv.fun/wu-xing-ti-yu-9.m3u8, From: subscribe, IPv_Type: ipv6, Location: 美国, ISP: CloudFlare Inc., Date: None, Delay: 0.1 ms, Speed: inf M/s, Resolution: 1920x1080
Name: 五星体育, URL: https://stream1.freetv.fun/wu-xing-ti-yu-4.m3u8, From: subscribe, IPv_Type: ipv6, Location: 美国, ISP: CloudFlare Inc., Date: None, Delay: 0.1 ms, Speed: inf M/s, Resolution: 1920x1080
Name: 五星体育, URL: https://stream1.freetv.fun/wu-xing-ti-yu-13.ctv, From: subscribe, IPv_Type: ipv6, Location: 美国, ISP: CloudFlare Inc., Date: None, Delay: 0.1 ms, Speed: inf M/s, Resolution: 1920x1080
Name: 五星体育, URL: https://stream1.freetv.fun/ipv6-wu-xing-ti-yu-6.m3u8, From: subscribe, IPv_Type: ipv6, Location: 美国, ISP: CloudFlare Inc., Date: None, Delay: 0.1 ms, Speed: inf M/s, Resolution: 1920x1080
Name: 五星体育, URL: https://stream1.freetv.fun/wu-xing-ti-yu-13.m3u8, From: subscribe, IPv_Type: ipv6, Location: 美国, ISP: CloudFlare Inc., Date: None, Delay: 0.1 ms, Speed: inf M/s, Resolution: 1920x1080
Name: 五星体育, URL: https://stream1.freetv.fun/ipv6-wu-xing-ti-yu-1.m3u8, From: subscribe, IPv_Type: ipv6, Location: 美国, ISP: CloudFlare Inc., Date: None, Delay: 0.1 ms, Speed: inf M/s, Resolution: 1920x1080
Name: 五星体育, URL: https://stream1.freetv.fun/wu-xing-ti-yu-11.m3u8, From: subscribe, IPv_Type: ipv6, Location: 美国, ISP: CloudFlare Inc., Date: None, Delay: 0.1 ms, Speed: inf M/s, Resolution: 1920x1080
Name: 五星体育, URL: https://stream1.freetv.fun/ipv6-wu-xing-ti-yu-10.m3u8, From: subscribe, IPv_Type: ipv6, Location: 美国, ISP: CloudFlare Inc., Date: None, Delay: 0.1 ms, Speed: inf M/s, Resolution: 1920x1080
Name: 五星体育, URL: https://stream1.freetv.fun/wu-xing-ti-yu-6.m3u8, From: subscribe, IPv_Type: ipv6, Location: 美国, ISP: CloudFlare Inc., Date: None, Delay: 0.1 ms, Speed: inf M/s, Resolution: 1920x1080
Name: 五星体育, URL: https://stream1.freetv.fun/ipv6-wu-xing-ti-yu-3.m3u8, From: subscribe, IPv_Type: ipv6, Location: 美国, ISP: CloudFlare Inc., Date: None, Delay: 0.1 ms, Speed: inf M/s, Resolution: 1920x1080
Name: 五星体育, URL: https://stream1.freetv.fun/wu-xing-ti-yu-8.m3u8, From: subscribe, IPv_Type: ipv6, Location: 美国, ISP: CloudFlare Inc., Date: None, Delay: 0.1 ms, Speed: inf M/s, Resolution: 1920x1080
Name: 五星体育, URL: https://stream1.freetv.fun/wu-xing-ti-yu-5.m3u8, From: subscribe, IPv_Type: ipv6, Location: 美国, ISP: CloudFlare Inc., Date: None, Delay: 0.1 ms, Speed: inf M/s, Resolution: 1920x1080
Name: 五星体育, URL: https://live.v1.mk/api/bestv.php?id=wxtyhd8m/8000000, From: subscribe, IPv_Type: ipv6, Location: 美国, ISP: CloudFlare Inc., Date: None, Delay: 0.1 ms, Speed: inf M/s, Resolution: 1920x1080
Name: 五星体育, URL: https://hls-gateway.vpstv.net/streams/636980.m3u8, From: subscribe, IPv_Type: ipv6, Location: 美国, ISP: CloudFlare Inc., Date: None, Delay: 0.1 ms, Speed: inf M/s, Resolution: 1920x1080
Name: 五星体育, URL: https://migu.188766.xyz/?migutoken=71ffa78ec0f711ac9ea667fb3b8b2c9c&id=%E4%BA%94%E6%98%9F%E4%BD%93%E8%82%B2&pp=1, From: subscribe, IPv_Type: ipv6, Location: 美国, ISP: CloudFlare Inc., Date: None, Delay: 0.1 ms, Speed: inf M/s, Resolution: 1920x1080
Name: 五星体育, URL: https://other.ottiptv.cc/wxty.m3u8, From: subscribe, IPv_Type: ipv6, Location: 美国, ISP: CloudFlare Inc., Date: None, Delay: 0.1 ms, Speed: inf M/s, Resolution: 1920x1080
Name: 五星体育, URL: https://migu.188766.xyz/?migutoken=036f1c40f0d7edc35c4bf3c2966b6fdf&id=%E4%BA%94%E6%98%9F%E4%BD%93%E8%82%B2&pp=1, From: subscribe, IPv_Type: ipv6, Location: 美国, ISP: CloudFlare Inc., Date: None, Delay: 0.1 ms, Speed: inf M/s, Resolution: 1920x1080
Name: 五星体育, URL: https://iptv.catvod.com/live.php?id=%E4%BA%94%E6%98%9F%E4%BD%93%E8%82%B2, From: subscribe, IPv_Type: ipv6, Location: 美国, ISP: CloudFlare Inc., Date: None, Delay: 0.1 ms, Speed: inf M/s, Resolution: 1920x1080
Name: 五星体育, URL: https://cdn3.163189.xyz/163189/wxty, From: subscribe, IPv_Type: ipv6, Location: 美国, ISP: CloudFlare Inc., Date: None, Delay: 0.1 ms, Speed: inf M/s, Resolution: 1920x1080
Name: 五星体育, URL: https://migu.188766.xyz/?migutoken=8362ea9872de6c704c014c5e4a982fe1&id=%E4%BA%94%E6%98%9F%E4%BD%93%E8%82%B2&pp=1, From: subscribe, IPv_Type: ipv6, Location: 美国, ISP: CloudFlare Inc., Date: None, Delay: 0.1 ms, Speed: inf M/s, Resolution: 1920x1080
Name: 五星体育, URL: https://migu.188766.xyz/?migutoken=adba0189e2e38f68f22ad135d6071560&id=%E4%BA%94%E6%98%9F%E4%BD%93%E8%82%B2&pp=1, From: subscribe, IPv_Type: ipv6, Location: 美国, ISP: CloudFlare Inc., Date: None, Delay: 0.1 ms, Speed: inf M/s, Resolution: 1920x1080
Name: 五星体育, URL: https://migu.188766.xyz/?migutoken=93fa50b706f23d9c90cb41666c61c906&id=%E4%BA%94%E6%98%9F%E4%BD%93%E8%82%B2&pp=1, From: subscribe, IPv_Type: ipv6, Location: 美国, ISP: CloudFlare Inc., Date: None, Delay: 0.1 ms, Speed: inf M/s, Resolution: 1920x1080
Name: 五星体育, URL: http://bp-livetytv.bestv.cn/ch/bestvwxty.m3u8, From: subscribe, IPv_Type: ipv6, Location: 中国, ISP: 中国电信, Date: None, Delay: 0.1 ms, Speed: inf M/s, Resolution: 1920x1080
Name: 五星体育, URL: https://migu.188766.xyz/?migutoken=9a1379c5b584ec8cb86b2d5319bb723a&id=%E4%BA%94%E6%98%9F%E4%BD%93%E8%82%B2&pp=1, From: subscribe, IPv_Type: ipv6, Location: 美国, ISP: CloudFlare Inc., Date: None, Delay: 0.1 ms, Speed: inf M/s, Resolution: 1920x1080
Name: 五星体育, URL: https://migu.188766.xyz/?migutoken=34dca69ea9ab5cc38d92a60526282e8c&id=%E4%BA%94%E6%98%9F%E4%BD%93%E8%82%B2&pp=1, From: subscribe, IPv_Type: ipv6, Location: 美国, ISP: CloudFlare Inc., Date: None, Delay: 0.1 ms, Speed: inf M/s, Resolution: 1920x1080
Name: 五星体育, URL: https://migu.188766.xyz/?migutoken=50b5e4c7f435741e3b5e90d627abf223&id=%E4%BA%94%E6%98%9F%E4%BD%93%E8%82%B2&pp=1, From: subscribe, IPv_Type: ipv6, Location: 美国, ISP: CloudFlare Inc., Date: None, Delay: 0.1 ms, Speed: inf M/s, Resolution: 1920x1080
Name: 五星体育, URL: https://migu.188766.xyz/?migutoken=545b1b7e42a76a12dbe750e527600005&id=%E4%BA%94%E6%98%9F%E4%BD%93%E8%82%B2&pp=1, From: subscribe, IPv_Type: ipv6, Location: 美国, ISP: CloudFlare Inc., Date: None, Delay: 0.1 ms, Speed: inf M/s, Resolution: 1920x1080
Name: 五星体育, URL: https://migu.188766.xyz/?migutoken=ba6df48e43a12c6ba692760dd242d950&id=%E4%BA%94%E6%98%9F%E4%BD%93%E8%82%B2&pp=1, From: subscribe, IPv_Type: ipv6, Location: 美国, ISP: CloudFlare Inc., Date: None, Delay: 0.1 ms, Speed: inf M/s, Resolution: 1920x1080
Name: 五星体育, URL: https://migu.188766.xyz/?migutoken=f0278a300b3a48949b0a1f5c29102a94&id=%E4%BA%94%E6%98%9F%E4%BD%93%E8%82%B2&pp=1, From: subscribe, IPv_Type: ipv6, Location: 美国, ISP: CloudFlare Inc., Date: None, Delay: 0.1 ms, Speed: inf M/s, Resolution: 1920x1080
Name: 五星体育, URL: https://migu.188766.xyz/?migutoken=aaece957abdbaedb5a5485ba6a8436ab&id=%E4%BA%94%E6%98%9F%E4%BD%93%E8%82%B2&pp=1, From: subscribe, IPv_Type: ipv6, Location: 美国, ISP: CloudFlare Inc., Date: None, Delay: 0.1 ms, Speed: inf M/s, Resolution: 1920x1080
Name: 五星体育, URL: https://migu.188766.xyz/?migutoken=708395b91b22bfb95139b293fb77027b&id=%E4%BA%94%E6%98%9F%E4%BD%93%E8%82%B2&pp=1, From: subscribe, IPv_Type: ipv6, Location: 美国, ISP: CloudFlare Inc., Date: None, Delay: 0.1 ms, Speed: inf M/s, Resolution: 1920x1080
Name: 五星体育, URL: https://migu.188766.xyz/?migutoken=04c166df0c11b6712baee9e42c0b6a67&id=%E4%BA%94%E6%98%9F%E4%BD%93%E8%82%B2&pp=1, From: subscribe, IPv_Type: ipv6, Location: 美国, ISP: CloudFlare Inc., Date: None, Delay: 0.1 ms, Speed: inf M/s, Resolution: 1920x1080
Name: 五星体育, URL: https://migu.188766.xyz/?migutoken=3ffd4ccdc33fd92c4754ea97b9e8717d&id=%E4%BA%94%E6%98%9F%E4%BD%93%E8%82%B2&pp=1, From: subscribe, IPv_Type: ipv6, Location: 美国, ISP: CloudFlare Inc., Date: None, Delay: 0.1 ms, Speed: inf M/s, Resolution: 1920x1080
Name: 五星体育, URL: http://cdn3.163189.xyz/163189/wxty, From: subscribe, IPv_Type: ipv6, Location: 美国, ISP: CloudFlare Inc., Date: None, Delay: 0.1 ms, Speed: inf M/s, Resolution: 1920x1080
Name: 五星体育, URL: https://migu.188766.xyz/?migutoken=b7c5882412b707005631cd7609d93bff&id=%E4%BA%94%E6%98%9F%E4%BD%93%E8%82%B2&pp=1, From: subscribe, IPv_Type: ipv6, Location: 美国, ISP: CloudFlare Inc., Date: None, Delay: 0.1 ms, Speed: inf M/s, Resolution: 1920x1080
Name: 五星体育, URL: https://migu.188766.xyz/?migutoken=6a8e690d5fa0878627bb249812210921&id=%E4%BA%94%E6%98%9F%E4%BD%93%E8%82%B2&pp=1, From: subscribe, IPv_Type: ipv6, Location: 美国, ISP: CloudFlare Inc., Date: None, Delay: 0.1 ms, Speed: inf M/s, Resolution: 1920x1080
Name: 五星体育, URL: https://migu.188766.xyz/?migutoken=fe41cf003253c3106b5be9bf4723995b&id=%E4%BA%94%E6%98%9F%E4%BD%93%E8%82%B2&pp=1, From: subscribe, IPv_Type: ipv6, Location: 美国, ISP: CloudFlare Inc., Date: None, Delay: 0.1 ms, Speed: inf M/s, Resolution: 1920x1080
Name: 五星体育, URL: https://migu.188766.xyz/?migutoken=92755215423abf5fd7a1f08566b08465&id=%E4%BA%94%E6%98%9F%E4%BD%93%E8%82%B2&pp=1, From: subscribe, IPv_Type: ipv6, Location: 美国, ISP: CloudFlare Inc., Date: None, Delay: 0.1 ms, Speed: inf M/s, Resolution: 1920x1080
Name: 五星体育, URL: https://migu.188766.xyz/?migutoken=19a1821fdf9bcb79687c7a79d16c2ca6&id=%E4%BA%94%E6%98%9F%E4%BD%93%E8%82%B2&pp=1, From: subscribe, IPv_Type: ipv6, Location: 美国, ISP: CloudFlare Inc., Date: None, Delay: 0.1 ms, Speed: inf M/s, Resolution: 1920x1080
Name: 五星体育, URL: https://migu.188766.xyz/?migutoken=ec8777015727b317995238d95a10862b&id=%E4%BA%94%E6%98%9F%E4%BD%93%E8%82%B2&pp=1, From: subscribe, IPv_Type: ipv6, Location: 美国, ISP: CloudFlare Inc., Date: None, Delay: 0.1 ms, Speed: inf M/s, Resolution: 1920x1080
Name: 五星体育, URL: https://migu.188766.xyz/?migutoken=1134bdda6b6c176d9419aae65c230cba&id=%E4%BA%94%E6%98%9F%E4%BD%93%E8%82%B2&pp=1, From: subscribe, IPv_Type: ipv6, Location: 美国, ISP: CloudFlare Inc., Date: None, Delay: 0.1 ms, Speed: inf M/s, Resolution: 1920x1080
Name: 五星体育, URL: http://iptvrr.sh.chinamobile.com:6060/cms001/ch00000090990000001018/index.m3u8, From: subscribe, IPv_Type: ipv6, Location: 中国, ISP: 中国移动, Date: None, Delay: 0.1 ms, Speed: inf M/s, Resolution: 1920x1080
Name: 五星体育, URL: https://migu.188766.xyz/?migutoken=94193368b75605bf4a1a233a209fdad1&id=%E4%BA%94%E6%98%9F%E4%BD%93%E8%82%B2&pp=1, From: subscribe, IPv_Type: ipv6, Location: 美国, ISP: CloudFlare Inc., Date: None, Delay: 0.1 ms, Speed: inf M/s, Resolution: 1920x1080
Name: 五星体育, URL: https://migu.188766.xyz/?migutoken=7ddfbd740cae767c11ace11a3c025229&id=%E4%BA%94%E6%98%9F%E4%BD%93%E8%82%B2&pp=1, From: subscribe, IPv_Type: ipv6, Location: 美国, ISP: CloudFlare Inc., Date: None, Delay: 0.1 ms, Speed: inf M/s, Resolution: 1920x1080
Name: 五星体育, URL: https://migu.188766.xyz/?migutoken=683175c409cb012fd17ec2c961b5d122&id=%E4%BA%94%E6%98%9F%E4%BD%93%E8%82%B2&pp=1, From: subscribe, IPv_Type: ipv6, Location: 美国, ISP: CloudFlare Inc., Date: None, Delay: 0.1 ms, Speed: inf M/s, Resolution: 1920x1080
Name: 五星体育, URL: https://migu.188766.xyz/?migutoken=ddb5ca46799302ece6ce509660fe04ec&id=%E4%BA%94%E6%98%9F%E4%BD%93%E8%82%B2&pp=1, From: subscribe, IPv_Type: ipv6, Location: 美国, ISP: CloudFlare Inc., Date: None, Delay: 0.1 ms, Speed: inf M/s, Resolution: 1920x1080
Name: 五星体育, URL: https://migu.188766.xyz/?migutoken=735802833f9204a102a0aeba7f79b33c&id=%E4%BA%94%E6%98%9F%E4%BD%93%E8%82%B2&pp=1, From: subscribe, IPv_Type: ipv6, Location: 美国, ISP: CloudFlare Inc., Date: None, Delay: 0.1 ms, Speed: inf M/s, Resolution: 1920x1080
Name: 五星体育, URL: https://migu.188766.xyz/?migutoken=2003dc8c7cd8034ad644caf8997fb4b2&id=%E4%BA%94%E6%98%9F%E4%BD%93%E8%82%B2&pp=1, From: subscribe, IPv_Type: ipv6, Location: 美国, ISP: CloudFlare Inc., Date: None, Delay: 0.1 ms, Speed: inf M/s, Resolution: 1920x1080
Name: 五星体育, URL: https://migu.188766.xyz/?migutoken=13abc304df3c16cb0ef6621f2e215880&id=%E4%BA%94%E6%98%9F%E4%BD%93%E8%82%B2&pp=1, From: subscribe, IPv_Type: ipv6, Location: 美国, ISP: CloudFlare Inc., Date: None, Delay: 0.1 ms, Speed: inf M/s, Resolution: 1920x1080
Name: 五星体育, URL: https://migu.188766.xyz/?migutoken=a8e5a19f9921717d6d58f669cf323826&id=%E4%BA%94%E6%98%9F%E4%BD%93%E8%82%B2&pp=1, From: subscribe, IPv_Type: ipv6, Location: 美国, ISP: CloudFlare Inc., Date: None, Delay: 0.1 ms, Speed: inf M/s, Resolution: 1920x1080
Name: 五星体育, URL: https://migu.188766.xyz/?migutoken=3ab1fcefb9de22de2539168ad3bb3a11&id=%E4%BA%94%E6%98%9F%E4%BD%93%E8%82%B2&pp=1, From: subscribe, IPv_Type: ipv6, Location: 美国, ISP: CloudFlare Inc., Date: None, Delay: 0.1 ms, Speed: inf M/s, Resolution: 1920x1080
Name: 五星体育, URL: https://migu.188766.xyz/?migutoken=107f8ad4760980da3012d08721e4a1ab&id=%E4%BA%94%E6%98%9F%E4%BD%93%E8%82%B2&pp=1, From: subscribe, IPv_Type: ipv6, Location: 美国, ISP: CloudFlare Inc., Date: None, Delay: 0.1 ms, Speed: inf M/s, Resolution: 1920x1080
Name: 五星体育, URL: https://migu.188766.xyz/?migutoken=4eeb42d8850938e2936f629da7ad9726&id=%E4%BA%94%E6%98%9F%E4%BD%93%E8%82%B2&pp=1, From: subscribe, IPv_Type: ipv6, Location: 美国, ISP: CloudFlare Inc., Date: None, Delay: 0.1 ms, Speed: inf M/s, Resolution: 1920x1080
Name: 五星体育, URL: https://t.freetv.fun/live/wu-xing-ti-yu-3.m3u8, From: subscribe, IPv_Type: ipv6, Location: 美国, ISP: CloudFlare Inc., Date: None, Delay: 0.1 ms, Speed: inf M/s, Resolution: 1920x1080
Name: 五星体育, URL: https://migu.188766.xyz/?migutoken=227ad85c8651de26ea7afafa66a03dda&id=%E4%BA%94%E6%98%9F%E4%BD%93%E8%82%B2&pp=1, From: subscribe, IPv_Type: ipv6, Location: 美国, ISP: CloudFlare Inc., Date: None, Delay: 0.1 ms, Speed: inf M/s, Resolution: 1920x1080
Name: 五星体育, URL: https://migu.188766.xyz/?migutoken=2cf60f497b0efbb3dc7e2a9c9f1ab2a5&id=%E4%BA%94%E6%98%9F%E4%BD%93%E8%82%B2&pp=1, From: subscribe, IPv_Type: ipv6, Location: 美国, ISP: CloudFlare Inc., Date: None, Delay: 0.1 ms, Speed: inf M/s, Resolution: 1920x1080
Name: 五星体育, URL: https://migu.188766.xyz/?migutoken=730ba752a184d7f4a5091775519acca0&id=%E4%BA%94%E6%98%9F%E4%BD%93%E8%82%B2&pp=1, From: subscribe, IPv_Type: ipv6, Location: 美国, ISP: CloudFlare Inc., Date: None, Delay: 0.1 ms, Speed: inf M/s, Resolution: 1920x1080
Name: 五星体育, URL: https://migu.188766.xyz/?migutoken=ab95b397f62e86b98a3988d675b908c0&id=%E4%BA%94%E6%98%9F%E4%BD%93%E8%82%B2&pp=1, From: subscribe, IPv_Type: ipv6, Location: 美国, ISP: CloudFlare Inc., Date: None, Delay: 0.1 ms, Speed: inf M/s, Resolution: 1920x1080
Name: 五星体育, URL: https://migu.188766.xyz/?migutoken=428073788db1230910e37575e2462c4f&id=%E4%BA%94%E6%98%9F%E4%BD%93%E8%82%B2&pp=1, From: subscribe, IPv_Type: ipv6, Location: 美国, ISP: CloudFlare Inc., Date: None, Delay: 0.1 ms, Speed: inf M/s, Resolution: 1920x1080
Name: 五星体育, URL: https://migu.188766.xyz/?migutoken=e298d7e68a5ce632ddc12b96ed4981ab&id=%E4%BA%94%E6%98%9F%E4%BD%93%E8%82%B2&pp=1, From: subscribe, IPv_Type: ipv6, Location: 美国, ISP: CloudFlare Inc., Date: None, Delay: 0.1 ms, Speed: inf M/s, Resolution: 1920x1080
Name: 五星体育, URL: https://migu.188766.xyz/?migutoken=6bc4ef7618ea7e5ac68b8ae613cf1747&id=%E4%BA%94%E6%98%9F%E4%BD%93%E8%82%B2&pp=1, From: subscribe, IPv_Type: ipv6, Location: 美国, ISP: CloudFlare Inc., Date: None, Delay: 0.1 ms, Speed: inf M/s, Resolution: 1920x1080
Name: 五星体育, URL: https://migu.188766.xyz/?migutoken=2b15175e1121b86242e14822b02be075&id=%E4%BA%94%E6%98%9F%E4%BD%93%E8%82%B2&pp=1, From: subscribe, IPv_Type: ipv6, Location: 美国, ISP: CloudFlare Inc., Date: None, Delay: 0.1 ms, Speed: inf M/s, Resolution: 1920x1080
Name: 五星体育, URL: https://migu.188766.xyz/?migutoken=20befdec205477d12d4e2dc7ebd4ed63&id=%E4%BA%94%E6%98%9F%E4%BD%93%E8%82%B2&pp=1, From: subscribe, IPv_Type: ipv6, Location: 美国, ISP: CloudFlare Inc., Date: None, Delay: 0.1 ms, Speed: inf M/s, Resolution: 1920x1080
Name: 自定义频道1, URL: http://xxx.m3u8, From: whitelist, IPv_Type: None, Location: None, ISP: None, Date: None, Delay: -1 ms, Speed: 0.00 M/s, Resolution: None
